<?php return array (
  0 => 'Symfony\\Bundle\\FrameworkBundle\\Controller\\AbstractController',
  1 => 'App\\Controller\\AlumnoController',
  2 => 'App\\Controller\\ComisionController',
  3 => 'App\\Controller\\CursadaController',
  4 => 'App\\Controller\\CursadaDocenteController',
  5 => 'App\\Controller\\DocenteController',
  6 => 'App\\Controller\\ExamenAlumnoController',
  7 => 'App\\Controller\\ExamenFinalController',
  8 => 'App\\Controller\\HabilitanteController',
  9 => 'App\\Controller\\HomeController',
  10 => 'App\\Controller\\InstitucionController',
  11 => 'App\\Controller\\InstitutoController',
  12 => 'App\\Controller\\LocalidadController',
  13 => 'App\\Controller\\ModalidadController',
  14 => 'App\\Controller\\PaisController',
  15 => 'App\\Controller\\PersonaController',
  16 => 'App\\Controller\\ProvinciaController',
  17 => 'App\\Controller\\RegionController',
  18 => 'App\\Controller\\RevistaController',
  19 => 'App\\Controller\\SecurityController',
  20 => 'App\\Controller\\TecnicaturaController',
  21 => 'App\\Controller\\TelefonoController',
  22 => 'App\\Controller\\TituloController',
  23 => 'App\\Controller\\TurnoController',
  24 => 'App\\Controller\\UserController',
  25 => 'App\\Entity\\Alumno',
  26 => 'App\\Entity\\Asignatura',
  27 => 'App\\Entity\\Comision',
  28 => 'App\\Entity\\Correlativa',
  29 => 'App\\Entity\\Cursada',
  30 => 'App\\Entity\\CursadaDocente',
  31 => 'App\\Entity\\Docente',
  32 => 'App\\Entity\\ExamenAlumno',
  33 => 'App\\Entity\\ExamenFinal',
  34 => 'App\\Entity\\Habilitante',
  35 => 'App\\Entity\\Institucion',
  36 => 'App\\Entity\\Instituto',
  37 => 'App\\Entity\\Localidad',
  38 => 'App\\Entity\\Modalidad',
  39 => 'App\\Entity\\Pais',
  40 => 'App\\Entity\\Persona',
  41 => 'App\\Entity\\Provincia',
  42 => 'App\\Entity\\Region',
  43 => 'App\\Entity\\Revista',
  44 => 'App\\Entity\\Tecnicatura',
  45 => 'App\\Entity\\Telefono',
  46 => 'App\\Entity\\Titulo',
  47 => 'App\\Entity\\Turno',
  48 => 'App\\Entity\\User',
  49 => 'Doctrine\\Bundle\\DoctrineBundle\\Controller\\ProfilerController',
  50 => 'Doctrine\\ORM\\Cache\\Persister\\Entity\\AbstractEntityPersister',
  51 => 'Doctrine\\ORM\\Cache\\Persister\\Entity\\CachedEntityPersister',
  52 => 'Doctrine\\ORM\\Cache\\Persister\\Entity\\NonStrictReadWriteCachedEntityPersister',
  53 => 'Doctrine\\ORM\\Cache\\Persister\\Entity\\ReadOnlyCachedEntityPersister',
  54 => 'Doctrine\\ORM\\Cache\\Persister\\Entity\\ReadWriteCachedEntityPersister',
  55 => 'Doctrine\\ORM\\Persisters\\Entity\\AbstractEntityInheritancePersister',
  56 => 'Doctrine\\ORM\\Persisters\\Entity\\BasicEntityPersister',
  57 => 'Doctrine\\ORM\\Persisters\\Entity\\CachedPersisterContext',
  58 => 'Doctrine\\ORM\\Persisters\\Entity\\EntityPersister',
  59 => 'Doctrine\\ORM\\Persisters\\Entity\\JoinedSubclassPersister',
  60 => 'Doctrine\\ORM\\Persisters\\Entity\\SingleTablePersister',
  62 => 'Symfony\\Bundle\\FrameworkBundle\\Controller\\ControllerResolver',
  63 => 'Symfony\\Bundle\\FrameworkBundle\\Controller\\RedirectController',
  64 => 'Symfony\\Bundle\\FrameworkBundle\\Controller\\TemplateController',
  65 => 'Symfony\\Bundle\\WebProfilerBundle\\Controller\\ExceptionPanelController',
  66 => 'Symfony\\Bundle\\WebProfilerBundle\\Controller\\ProfilerController',
  67 => 'Symfony\\Bundle\\WebProfilerBundle\\Controller\\RouterController',
  68 => 'Symfony\\Component\\HttpKernel\\Controller\\ArgumentResolver',
  69 => 'Symfony\\Component\\HttpKernel\\Controller\\ArgumentResolverInterface',
  70 => 'Symfony\\Component\\HttpKernel\\Controller\\ArgumentResolver\\DefaultValueResolver',
  71 => 'Symfony\\Component\\HttpKernel\\Controller\\ArgumentResolver\\NotTaggedControllerValueResolver',
  72 => 'Symfony\\Component\\HttpKernel\\Controller\\ArgumentResolver\\RequestAttributeValueResolver',
  73 => 'Symfony\\Component\\HttpKernel\\Controller\\ArgumentResolver\\RequestValueResolver',
  74 => 'Symfony\\Component\\HttpKernel\\Controller\\ArgumentResolver\\ServiceValueResolver',
  75 => 'Symfony\\Component\\HttpKernel\\Controller\\ArgumentResolver\\SessionValueResolver',
  76 => 'Symfony\\Component\\HttpKernel\\Controller\\ArgumentResolver\\TraceableValueResolver',
  77 => 'Symfony\\Component\\HttpKernel\\Controller\\ArgumentResolver\\VariadicValueResolver',
  78 => 'Symfony\\Component\\HttpKernel\\Controller\\ArgumentValueResolverInterface',
  79 => 'Symfony\\Component\\HttpKernel\\Controller\\ContainerControllerResolver',
  80 => 'Symfony\\Component\\HttpKernel\\Controller\\ControllerReference',
  81 => 'Symfony\\Component\\HttpKernel\\Controller\\ControllerResolver',
  82 => 'Symfony\\Component\\HttpKernel\\Controller\\ControllerResolverInterface',
  83 => 'Symfony\\Component\\HttpKernel\\Controller\\ErrorController',
  84 => 'Symfony\\Component\\HttpKernel\\Controller\\TraceableArgumentResolver',
  85 => 'Symfony\\Component\\HttpKernel\\Controller\\TraceableControllerResolver',
  86 => 'Symfony\\Component\\Security\\Http\\Controller\\UserValueResolver',
);